#! /c/Source/iverilog-install/bin/vvp
:ivl_version "12.0 (devel)" "(s20150603-1539-g2693dd32b)";
:ivl_delay_selection "TYPICAL";
:vpi_time_precision - 12;
:vpi_module "C:\iverilog\lib\ivl\system.vpi";
:vpi_module "C:\iverilog\lib\ivl\vhdl_sys.vpi";
:vpi_module "C:\iverilog\lib\ivl\vhdl_textio.vpi";
:vpi_module "C:\iverilog\lib\ivl\v2005_math.vpi";
:vpi_module "C:\iverilog\lib\ivl\va_math.vpi";
S_000001d46d8fbe50 .scope module, "seg7_control" "seg7_control" 2 3;
 .timescale -9 -12;
    .port_info 0 /INPUT 1 "clk";
    .port_info 1 /INPUT 1 "rst";
    .port_info 2 /INPUT 3 "count";
    .port_info 3 /OUTPUT 7 "seg";
    .port_info 4 /OUTPUT 4 "digit";
P_000001d46d8f6b10 .param/l "A" 0 2 27, C4<0001000>;
P_000001d46d8f6b48 .param/l "B" 0 2 28, C4<1100000>;
P_000001d46d8f6b80 .param/l "C" 0 2 29, C4<0110001>;
P_000001d46d8f6bb8 .param/l "D" 0 2 30, C4<1000010>;
P_000001d46d8f6bf0 .param/l "E" 0 2 31, C4<0110000>;
P_000001d46d8f6c28 .param/l "EIGHT" 0 2 25, C4<0000000>;
P_000001d46d8f6c60 .param/l "F" 0 2 32, C4<0111000>;
P_000001d46d8f6c98 .param/l "FIVE" 0 2 22, C4<0010010>;
P_000001d46d8f6cd0 .param/l "FOUR" 0 2 21, C4<0011001>;
P_000001d46d8f6d08 .param/l "NINE" 0 2 26, C4<0010000>;
P_000001d46d8f6d40 .param/l "ONE" 0 2 18, C4<1111001>;
P_000001d46d8f6d78 .param/l "SEVEN" 0 2 24, C4<1111000>;
P_000001d46d8f6db0 .param/l "SIX" 0 2 23, C4<0000010>;
P_000001d46d8f6de8 .param/l "THREE" 0 2 20, C4<0110000>;
P_000001d46d8f6e20 .param/l "TWO" 0 2 19, C4<0100100>;
P_000001d46d8f6e58 .param/l "ZERO" 0 2 17, C4<1000000>;
L_000001d46d992c38 .functor BUFT 1, C4<0>, C4<0>, C4<0>, C4<0>;
v000001d46d8f7190_0 .net/2u *"_ivl_0", 0 0, L_000001d46d992c38;  1 drivers
v000001d46d8f73b0_0 .net *"_ivl_2", 3 0, L_000001d46d943e30;  1 drivers
o000001d46d94c018 .functor BUFZ 1, C4<z>; HiZ drive
v000001d46d8fb8f0_0 .net "clk", 0 0, o000001d46d94c018;  0 drivers
o000001d46d94c048 .functor BUFZ 3, C4<zzz>; HiZ drive
v000001d46d8f6ea0_0 .net "count", 2 0, o000001d46d94c048;  0 drivers
v000001d46d943b10_0 .var "digit", 3 0;
v000001d46d943bb0_0 .var "digit_select", 1 0;
v000001d46d943c50_0 .net "ones", 0 0, L_000001d46d943ed0;  1 drivers
o000001d46d94c108 .functor BUFZ 1, C4<z>; HiZ drive
v000001d46d943cf0_0 .net "rst", 0 0, o000001d46d94c108;  0 drivers
v000001d46d943d90_0 .var "seg", 6 0;
E_000001d46d8fa180 .event anyedge, v000001d46d943bb0_0, v000001d46d943c50_0;
E_000001d46d8fa800 .event anyedge, v000001d46d943bb0_0;
E_000001d46d8fa8c0 .event posedge, v000001d46d8fb8f0_0;
L_000001d46d943e30 .concat [ 3 1 0 0], o000001d46d94c048, L_000001d46d992c38;
L_000001d46d943ed0 .part L_000001d46d943e30, 0, 1;
    .scope S_000001d46d8fbe50;
T_0 ;
    %wait E_000001d46d8fa8c0;
    %pushi/vec4 0, 0, 2;
    %assign/vec4 v000001d46d943bb0_0, 0;
    %jmp T_0;
    .thread T_0;
    .scope S_000001d46d8fbe50;
T_1 ;
    %wait E_000001d46d8fa800;
    %load/vec4 v000001d46d943bb0_0;
    %dup/vec4;
    %pushi/vec4 0, 0, 2;
    %cmp/u;
    %jmp/1 T_1.0, 6;
    %dup/vec4;
    %pushi/vec4 1, 0, 2;
    %cmp/u;
    %jmp/1 T_1.1, 6;
    %dup/vec4;
    %pushi/vec4 2, 0, 2;
    %cmp/u;
    %jmp/1 T_1.2, 6;
    %dup/vec4;
    %pushi/vec4 3, 0, 2;
    %cmp/u;
    %jmp/1 T_1.3, 6;
    %jmp T_1.4;
T_1.0 ;
    %pushi/vec4 14, 0, 4;
    %store/vec4 v000001d46d943b10_0, 0, 4;
    %jmp T_1.4;
T_1.1 ;
    %pushi/vec4 13, 0, 4;
    %store/vec4 v000001d46d943b10_0, 0, 4;
    %jmp T_1.4;
T_1.2 ;
    %pushi/vec4 11, 0, 4;
    %store/vec4 v000001d46d943b10_0, 0, 4;
    %jmp T_1.4;
T_1.3 ;
    %pushi/vec4 7, 0, 4;
    %store/vec4 v000001d46d943b10_0, 0, 4;
    %jmp T_1.4;
T_1.4 ;
    %pop/vec4 1;
    %jmp T_1;
    .thread T_1, $push;
    .scope S_000001d46d8fbe50;
T_2 ;
    %wait E_000001d46d8fa180;
    %load/vec4 v000001d46d943bb0_0;
    %dup/vec4;
    %pushi/vec4 0, 0, 2;
    %cmp/u;
    %jmp/1 T_2.0, 6;
    %pushi/vec4 0, 0, 7;
    %store/vec4 v000001d46d943d90_0, 0, 7;
    %jmp T_2.2;
T_2.0 ;
    %load/vec4 v000001d46d943c50_0;
    %pad/u 4;
    %dup/vec4;
    %pushi/vec4 0, 0, 4;
    %cmp/u;
    %jmp/1 T_2.3, 6;
    %dup/vec4;
    %pushi/vec4 1, 0, 4;
    %cmp/u;
    %jmp/1 T_2.4, 6;
    %dup/vec4;
    %pushi/vec4 2, 0, 4;
    %cmp/u;
    %jmp/1 T_2.5, 6;
    %dup/vec4;
    %pushi/vec4 3, 0, 4;
    %cmp/u;
    %jmp/1 T_2.6, 6;
    %dup/vec4;
    %pushi/vec4 4, 0, 4;
    %cmp/u;
    %jmp/1 T_2.7, 6;
    %dup/vec4;
    %pushi/vec4 5, 0, 4;
    %cmp/u;
    %jmp/1 T_2.8, 6;
    %dup/vec4;
    %pushi/vec4 6, 0, 4;
    %cmp/u;
    %jmp/1 T_2.9, 6;
    %dup/vec4;
    %pushi/vec4 7, 0, 4;
    %cmp/u;
    %jmp/1 T_2.10, 6;
    %dup/vec4;
    %pushi/vec4 8, 0, 4;
    %cmp/u;
    %jmp/1 T_2.11, 6;
    %dup/vec4;
    %pushi/vec4 9, 0, 4;
    %cmp/u;
    %jmp/1 T_2.12, 6;
    %dup/vec4;
    %pushi/vec4 10, 0, 4;
    %cmp/u;
    %jmp/1 T_2.13, 6;
    %dup/vec4;
    %pushi/vec4 11, 0, 4;
    %cmp/u;
    %jmp/1 T_2.14, 6;
    %dup/vec4;
    %pushi/vec4 12, 0, 4;
    %cmp/u;
    %jmp/1 T_2.15, 6;
    %dup/vec4;
    %pushi/vec4 13, 0, 4;
    %cmp/u;
    %jmp/1 T_2.16, 6;
    %dup/vec4;
    %pushi/vec4 14, 0, 4;
    %cmp/u;
    %jmp/1 T_2.17, 6;
    %dup/vec4;
    %pushi/vec4 15, 0, 4;
    %cmp/u;
    %jmp/1 T_2.18, 6;
    %jmp T_2.19;
T_2.3 ;
    %pushi/vec4 64, 0, 7;
    %store/vec4 v000001d46d943d90_0, 0, 7;
    %jmp T_2.19;
T_2.4 ;
    %pushi/vec4 121, 0, 7;
    %store/vec4 v000001d46d943d90_0, 0, 7;
    %jmp T_2.19;
T_2.5 ;
    %pushi/vec4 36, 0, 7;
    %store/vec4 v000001d46d943d90_0, 0, 7;
    %jmp T_2.19;
T_2.6 ;
    %pushi/vec4 48, 0, 7;
    %store/vec4 v000001d46d943d90_0, 0, 7;
    %jmp T_2.19;
T_2.7 ;
    %pushi/vec4 25, 0, 7;
    %store/vec4 v000001d46d943d90_0, 0, 7;
    %jmp T_2.19;
T_2.8 ;
    %pushi/vec4 18, 0, 7;
    %store/vec4 v000001d46d943d90_0, 0, 7;
    %jmp T_2.19;
T_2.9 ;
    %pushi/vec4 2, 0, 7;
    %store/vec4 v000001d46d943d90_0, 0, 7;
    %jmp T_2.19;
T_2.10 ;
    %pushi/vec4 120, 0, 7;
    %store/vec4 v000001d46d943d90_0, 0, 7;
    %jmp T_2.19;
T_2.11 ;
    %pushi/vec4 0, 0, 7;
    %store/vec4 v000001d46d943d90_0, 0, 7;
    %jmp T_2.19;
T_2.12 ;
    %pushi/vec4 16, 0, 7;
    %store/vec4 v000001d46d943d90_0, 0, 7;
    %jmp T_2.19;
T_2.13 ;
    %pushi/vec4 8, 0, 7;
    %store/vec4 v000001d46d943d90_0, 0, 7;
    %jmp T_2.19;
T_2.14 ;
    %pushi/vec4 96, 0, 7;
    %store/vec4 v000001d46d943d90_0, 0, 7;
    %jmp T_2.19;
T_2.15 ;
    %pushi/vec4 49, 0, 7;
    %store/vec4 v000001d46d943d90_0, 0, 7;
    %jmp T_2.19;
T_2.16 ;
    %pushi/vec4 66, 0, 7;
    %store/vec4 v000001d46d943d90_0, 0, 7;
    %jmp T_2.19;
T_2.17 ;
    %pushi/vec4 48, 0, 7;
    %store/vec4 v000001d46d943d90_0, 0, 7;
    %jmp T_2.19;
T_2.18 ;
    %pushi/vec4 56, 0, 7;
    %store/vec4 v000001d46d943d90_0, 0, 7;
    %jmp T_2.19;
T_2.19 ;
    %pop/vec4 1;
    %jmp T_2.2;
T_2.2 ;
    %pop/vec4 1;
    %jmp T_2;
    .thread T_2, $push;
# The file index is used to find the file name in the following table.
:file_names 3;
    "N/A";
    "<interactive>";
    "lcd_module.v";
