#! /c/Source/iverilog-install/bin/vvp
:ivl_version "12.0 (devel)" "(s20150603-1539-g2693dd32b)";
:ivl_delay_selection "TYPICAL";
:vpi_time_precision - 12;
:vpi_module "C:\iverilog\lib\ivl\system.vpi";
:vpi_module "C:\iverilog\lib\ivl\vhdl_sys.vpi";
:vpi_module "C:\iverilog\lib\ivl\vhdl_textio.vpi";
:vpi_module "C:\iverilog\lib\ivl\v2005_math.vpi";
:vpi_module "C:\iverilog\lib\ivl\va_math.vpi";
S_0000021b37e44f60 .scope module, "pwm_controller_tb" "pwm_controller_tb" 2 3;
 .timescale -9 -12;
v0000021b37e52df0_0 .var "clk", 0 0;
v0000021b37e52e90_0 .net "pwm_out", 0 0, v0000021b37e63aa0_0;  1 drivers
v0000021b37ead2c0_0 .var "rst", 0 0;
v0000021b37ead220_0 .var "start", 0 0;
S_0000021b37e636e0 .scope module, "dut" "pwm_controller" 2 7, 3 2 0, S_0000021b37e44f60;
 .timescale -9 -12;
    .port_info 0 /INPUT 1 "clk";
    .port_info 1 /INPUT 1 "rst";
    .port_info 2 /INPUT 1 "start";
    .port_info 3 /OUTPUT 1 "pwm_out";
P_0000021b37e63870 .param/l "PWM_40" 0 3 11, C4<01>;
P_0000021b37e638a8 .param/l "PWM_60" 0 3 12, C4<10>;
P_0000021b37e638e0 .param/l "PWM_80" 0 3 13, C4<11>;
P_0000021b37e63918 .param/l "idle" 0 3 10, C4<00>;
v0000021b37e450f0_0 .var "NS", 1 0;
v0000021b37fd6f50_0 .var "PS", 1 0;
v0000021b37e63960_0 .net "clk", 0 0, v0000021b37e52df0_0;  1 drivers
v0000021b37e63a00_0 .var "count", 2 0;
v0000021b37e63aa0_0 .var "pwm_out", 0 0;
v0000021b37e52cb0_0 .net "rst", 0 0, v0000021b37ead2c0_0;  1 drivers
v0000021b37e52d50_0 .net "start", 0 0, v0000021b37ead220_0;  1 drivers
E_0000021b37e65cd0 .event anyedge, v0000021b37e63a00_0, v0000021b37fd6f50_0;
E_0000021b37e65ed0 .event anyedge, v0000021b37e63a00_0, v0000021b37fd6f50_0, v0000021b37e52cb0_0, v0000021b37e52d50_0;
E_0000021b37e54930 .event posedge, v0000021b37e52cb0_0, v0000021b37e63960_0;
    .scope S_0000021b37e636e0;
T_0 ;
    %wait E_0000021b37e54930;
    %load/vec4 v0000021b37e52cb0_0;
    %flag_set/vec4 8;
    %jmp/0xz  T_0.0, 8;
    %pushi/vec4 0, 0, 2;
    %assign/vec4 v0000021b37fd6f50_0, 0;
    %jmp T_0.1;
T_0.0 ;
    %load/vec4 v0000021b37e450f0_0;
    %assign/vec4 v0000021b37fd6f50_0, 0;
T_0.1 ;
    %jmp T_0;
    .thread T_0;
    .scope S_0000021b37e636e0;
T_1 ;
    %wait E_0000021b37e54930;
    %load/vec4 v0000021b37e52cb0_0;
    %flag_set/vec4 8;
    %jmp/0xz  T_1.0, 8;
    %pushi/vec4 0, 0, 3;
    %assign/vec4 v0000021b37e63a00_0, 0;
    %jmp T_1.1;
T_1.0 ;
    %load/vec4 v0000021b37e63a00_0;
    %pad/u 32;
    %cmpi/e 4, 0, 32;
    %jmp/0xz  T_1.2, 4;
    %pushi/vec4 0, 0, 3;
    %assign/vec4 v0000021b37e63a00_0, 0;
    %jmp T_1.3;
T_1.2 ;
    %load/vec4 v0000021b37e63a00_0;
    %addi 1, 0, 3;
    %assign/vec4 v0000021b37e63a00_0, 0;
T_1.3 ;
T_1.1 ;
    %jmp T_1;
    .thread T_1;
    .scope S_0000021b37e636e0;
T_2 ;
    %wait E_0000021b37e65ed0;
    %load/vec4 v0000021b37e52cb0_0;
    %flag_set/vec4 8;
    %jmp/0xz  T_2.0, 8;
    %pushi/vec4 0, 0, 2;
    %store/vec4 v0000021b37e450f0_0, 0, 2;
    %jmp T_2.1;
T_2.0 ;
    %load/vec4 v0000021b37fd6f50_0;
    %dup/vec4;
    %pushi/vec4 0, 0, 2;
    %cmp/u;
    %jmp/1 T_2.2, 6;
    %dup/vec4;
    %pushi/vec4 1, 0, 2;
    %cmp/u;
    %jmp/1 T_2.3, 6;
    %dup/vec4;
    %pushi/vec4 2, 0, 2;
    %cmp/u;
    %jmp/1 T_2.4, 6;
    %dup/vec4;
    %pushi/vec4 3, 0, 2;
    %cmp/u;
    %jmp/1 T_2.5, 6;
    %pushi/vec4 0, 0, 2;
    %store/vec4 v0000021b37e450f0_0, 0, 2;
    %jmp T_2.7;
T_2.2 ;
    %load/vec4 v0000021b37e52d50_0;
    %flag_set/vec4 8;
    %jmp/0xz  T_2.8, 8;
    %pushi/vec4 1, 0, 2;
    %store/vec4 v0000021b37e450f0_0, 0, 2;
    %jmp T_2.9;
T_2.8 ;
    %pushi/vec4 0, 0, 2;
    %store/vec4 v0000021b37e450f0_0, 0, 2;
T_2.9 ;
    %jmp T_2.7;
T_2.3 ;
    %load/vec4 v0000021b37e63a00_0;
    %pad/u 32;
    %cmpi/e 4, 0, 32;
    %jmp/0xz  T_2.10, 4;
    %pushi/vec4 2, 0, 2;
    %store/vec4 v0000021b37e450f0_0, 0, 2;
    %jmp T_2.11;
T_2.10 ;
    %pushi/vec4 1, 0, 2;
    %store/vec4 v0000021b37e450f0_0, 0, 2;
T_2.11 ;
    %jmp T_2.7;
T_2.4 ;
    %load/vec4 v0000021b37e63a00_0;
    %pad/u 32;
    %cmpi/e 4, 0, 32;
    %jmp/0xz  T_2.12, 4;
    %pushi/vec4 3, 0, 2;
    %store/vec4 v0000021b37e450f0_0, 0, 2;
    %jmp T_2.13;
T_2.12 ;
    %pushi/vec4 2, 0, 2;
    %store/vec4 v0000021b37e450f0_0, 0, 2;
T_2.13 ;
    %jmp T_2.7;
T_2.5 ;
    %load/vec4 v0000021b37e63a00_0;
    %pad/u 32;
    %cmpi/e 4, 0, 32;
    %jmp/0xz  T_2.14, 4;
    %pushi/vec4 1, 0, 2;
    %store/vec4 v0000021b37e450f0_0, 0, 2;
    %jmp T_2.15;
T_2.14 ;
    %pushi/vec4 3, 0, 2;
    %store/vec4 v0000021b37e450f0_0, 0, 2;
T_2.15 ;
    %jmp T_2.7;
T_2.7 ;
    %pop/vec4 1;
T_2.1 ;
    %jmp T_2;
    .thread T_2, $push;
    .scope S_0000021b37e636e0;
T_3 ;
    %wait E_0000021b37e65cd0;
    %load/vec4 v0000021b37fd6f50_0;
    %dup/vec4;
    %pushi/vec4 0, 0, 2;
    %cmp/u;
    %jmp/1 T_3.0, 6;
    %dup/vec4;
    %pushi/vec4 1, 0, 2;
    %cmp/u;
    %jmp/1 T_3.1, 6;
    %dup/vec4;
    %pushi/vec4 2, 0, 2;
    %cmp/u;
    %jmp/1 T_3.2, 6;
    %dup/vec4;
    %pushi/vec4 3, 0, 2;
    %cmp/u;
    %jmp/1 T_3.3, 6;
    %jmp T_3.4;
T_3.0 ;
    %pushi/vec4 0, 0, 1;
    %store/vec4 v0000021b37e63aa0_0, 0, 1;
    %jmp T_3.4;
T_3.1 ;
    %load/vec4 v0000021b37e63a00_0;
    %pad/u 32;
    %cmpi/u 1, 0, 32;
    %flag_or 5, 4;
    %jmp/0xz  T_3.5, 5;
    %pushi/vec4 1, 0, 1;
    %store/vec4 v0000021b37e63aa0_0, 0, 1;
    %jmp T_3.6;
T_3.5 ;
    %pushi/vec4 0, 0, 1;
    %store/vec4 v0000021b37e63aa0_0, 0, 1;
T_3.6 ;
    %jmp T_3.4;
T_3.2 ;
    %load/vec4 v0000021b37e63a00_0;
    %pad/u 32;
    %cmpi/u 2, 0, 32;
    %flag_or 5, 4;
    %jmp/0xz  T_3.7, 5;
    %pushi/vec4 1, 0, 1;
    %store/vec4 v0000021b37e63aa0_0, 0, 1;
    %jmp T_3.8;
T_3.7 ;
    %pushi/vec4 0, 0, 1;
    %store/vec4 v0000021b37e63aa0_0, 0, 1;
T_3.8 ;
    %jmp T_3.4;
T_3.3 ;
    %load/vec4 v0000021b37e63a00_0;
    %pad/u 32;
    %cmpi/u 3, 0, 32;
    %flag_or 5, 4;
    %jmp/0xz  T_3.9, 5;
    %pushi/vec4 1, 0, 1;
    %store/vec4 v0000021b37e63aa0_0, 0, 1;
    %jmp T_3.10;
T_3.9 ;
    %pushi/vec4 0, 0, 1;
    %store/vec4 v0000021b37e63aa0_0, 0, 1;
T_3.10 ;
    %jmp T_3.4;
T_3.4 ;
    %pop/vec4 1;
    %jmp T_3;
    .thread T_3, $push;
    .scope S_0000021b37e44f60;
T_4 ;
    %pushi/vec4 0, 0, 1;
    %store/vec4 v0000021b37e52df0_0, 0, 1;
T_4.0 ;
    %delay 5000, 0;
    %load/vec4 v0000021b37e52df0_0;
    %inv;
    %store/vec4 v0000021b37e52df0_0, 0, 1;
    %jmp T_4.0;
    %end;
    .thread T_4;
    .scope S_0000021b37e44f60;
T_5 ;
    %vpi_call 2 21 "$dumpfile", "pwm_controller.vcd" {0 0 0};
    %vpi_call 2 22 "$dumpvars" {0 0 0};
    %pushi/vec4 1, 0, 1;
    %store/vec4 v0000021b37ead2c0_0, 0, 1;
    %delay 10000, 0;
    %pushi/vec4 0, 0, 1;
    %store/vec4 v0000021b37ead2c0_0, 0, 1;
    %delay 10000, 0;
    %pushi/vec4 1, 0, 1;
    %store/vec4 v0000021b37ead220_0, 0, 1;
    %delay 1500000, 0;
    %vpi_call 2 28 "$finish" {0 0 0};
    %end;
    .thread T_5;
# The file index is used to find the file name in the following table.
:file_names 4;
    "N/A";
    "<interactive>";
    "pwm_controller_tb.v";
    "./pwm_controller.v";
