#! /c/Source/iverilog-install/bin/vvp
:ivl_version "12.0 (devel)" "(s20150603-1539-g2693dd32b)";
:ivl_delay_selection "TYPICAL";
:vpi_time_precision - 12;
:vpi_module "C:\iverilog\lib\ivl\system.vpi";
:vpi_module "C:\iverilog\lib\ivl\vhdl_sys.vpi";
:vpi_module "C:\iverilog\lib\ivl\vhdl_textio.vpi";
:vpi_module "C:\iverilog\lib\ivl\v2005_math.vpi";
:vpi_module "C:\iverilog\lib\ivl\va_math.vpi";
S_0000021d29276b10 .scope module, "pwm_controller" "pwm_controller" 2 2;
 .timescale -9 -12;
    .port_info 0 /INPUT 1 "clk";
    .port_info 1 /INPUT 1 "rst";
    .port_info 2 /INPUT 1 "start";
    .port_info 3 /OUTPUT 1 "pwm_out";
    .port_info 4 /OUTPUT 3 "count";
P_0000021d29276ca0 .param/l "PWM_40" 0 2 12, C4<01>;
P_0000021d29276cd8 .param/l "PWM_60" 0 2 13, C4<10>;
P_0000021d29276d10 .param/l "PWM_80" 0 2 14, C4<11>;
P_0000021d29276d48 .param/l "idle" 0 2 11, C4<00>;
v0000021d29277190_0 .var "NS", 1 0;
v0000021d29276d90_0 .var "PS", 1 0;
o0000021d29315018 .functor BUFZ 1, C4<z>; HiZ drive
v0000021d29276e30_0 .net "clk", 0 0, o0000021d29315018;  0 drivers
v0000021d29276ed0_0 .var "count", 2 0;
v0000021d2927bc70_0 .var "pwm_out", 0 0;
o0000021d293150a8 .functor BUFZ 1, C4<z>; HiZ drive
v0000021d2927bd10_0 .net "rst", 0 0, o0000021d293150a8;  0 drivers
o0000021d293150d8 .functor BUFZ 1, C4<z>; HiZ drive
v0000021d2927bdb0_0 .net "start", 0 0, o0000021d293150d8;  0 drivers
E_0000021d292f4c20 .event anyedge, v0000021d29276ed0_0, v0000021d29276d90_0;
E_0000021d292f4760 .event anyedge, v0000021d29276ed0_0, v0000021d29276d90_0, v0000021d2927bd10_0, v0000021d2927bdb0_0;
E_0000021d292f4860 .event posedge, v0000021d2927bd10_0, v0000021d29276e30_0;
    .scope S_0000021d29276b10;
T_0 ;
    %wait E_0000021d292f4860;
    %load/vec4 v0000021d2927bd10_0;
    %flag_set/vec4 8;
    %jmp/0xz  T_0.0, 8;
    %pushi/vec4 0, 0, 2;
    %assign/vec4 v0000021d29276d90_0, 0;
    %jmp T_0.1;
T_0.0 ;
    %load/vec4 v0000021d29277190_0;
    %assign/vec4 v0000021d29276d90_0, 0;
T_0.1 ;
    %jmp T_0;
    .thread T_0;
    .scope S_0000021d29276b10;
T_1 ;
    %wait E_0000021d292f4860;
    %load/vec4 v0000021d2927bd10_0;
    %flag_set/vec4 8;
    %jmp/0xz  T_1.0, 8;
    %pushi/vec4 0, 0, 3;
    %assign/vec4 v0000021d29276ed0_0, 0;
    %jmp T_1.1;
T_1.0 ;
    %load/vec4 v0000021d29276ed0_0;
    %pad/u 32;
    %cmpi/e 4, 0, 32;
    %jmp/0xz  T_1.2, 4;
    %pushi/vec4 0, 0, 3;
    %assign/vec4 v0000021d29276ed0_0, 0;
    %jmp T_1.3;
T_1.2 ;
    %load/vec4 v0000021d29276ed0_0;
    %addi 1, 0, 3;
    %assign/vec4 v0000021d29276ed0_0, 0;
T_1.3 ;
T_1.1 ;
    %jmp T_1;
    .thread T_1;
    .scope S_0000021d29276b10;
T_2 ;
    %wait E_0000021d292f4760;
    %load/vec4 v0000021d2927bd10_0;
    %flag_set/vec4 8;
    %jmp/0xz  T_2.0, 8;
    %pushi/vec4 0, 0, 2;
    %store/vec4 v0000021d29277190_0, 0, 2;
    %jmp T_2.1;
T_2.0 ;
    %load/vec4 v0000021d29276d90_0;
    %dup/vec4;
    %pushi/vec4 0, 0, 2;
    %cmp/u;
    %jmp/1 T_2.2, 6;
    %dup/vec4;
    %pushi/vec4 1, 0, 2;
    %cmp/u;
    %jmp/1 T_2.3, 6;
    %dup/vec4;
    %pushi/vec4 2, 0, 2;
    %cmp/u;
    %jmp/1 T_2.4, 6;
    %dup/vec4;
    %pushi/vec4 3, 0, 2;
    %cmp/u;
    %jmp/1 T_2.5, 6;
    %pushi/vec4 0, 0, 2;
    %store/vec4 v0000021d29277190_0, 0, 2;
    %jmp T_2.7;
T_2.2 ;
    %load/vec4 v0000021d2927bdb0_0;
    %flag_set/vec4 8;
    %jmp/0xz  T_2.8, 8;
    %pushi/vec4 1, 0, 2;
    %store/vec4 v0000021d29277190_0, 0, 2;
    %jmp T_2.9;
T_2.8 ;
    %pushi/vec4 0, 0, 2;
    %store/vec4 v0000021d29277190_0, 0, 2;
T_2.9 ;
    %jmp T_2.7;
T_2.3 ;
    %load/vec4 v0000021d29276ed0_0;
    %pad/u 32;
    %cmpi/e 4, 0, 32;
    %jmp/0xz  T_2.10, 4;
    %pushi/vec4 2, 0, 2;
    %store/vec4 v0000021d29277190_0, 0, 2;
    %jmp T_2.11;
T_2.10 ;
    %pushi/vec4 1, 0, 2;
    %store/vec4 v0000021d29277190_0, 0, 2;
T_2.11 ;
    %jmp T_2.7;
T_2.4 ;
    %load/vec4 v0000021d29276ed0_0;
    %pad/u 32;
    %cmpi/e 4, 0, 32;
    %jmp/0xz  T_2.12, 4;
    %pushi/vec4 3, 0, 2;
    %store/vec4 v0000021d29277190_0, 0, 2;
    %jmp T_2.13;
T_2.12 ;
    %pushi/vec4 2, 0, 2;
    %store/vec4 v0000021d29277190_0, 0, 2;
T_2.13 ;
    %jmp T_2.7;
T_2.5 ;
    %load/vec4 v0000021d29276ed0_0;
    %pad/u 32;
    %cmpi/e 4, 0, 32;
    %jmp/0xz  T_2.14, 4;
    %pushi/vec4 1, 0, 2;
    %store/vec4 v0000021d29277190_0, 0, 2;
    %jmp T_2.15;
T_2.14 ;
    %pushi/vec4 3, 0, 2;
    %store/vec4 v0000021d29277190_0, 0, 2;
T_2.15 ;
    %jmp T_2.7;
T_2.7 ;
    %pop/vec4 1;
T_2.1 ;
    %jmp T_2;
    .thread T_2, $push;
    .scope S_0000021d29276b10;
T_3 ;
    %wait E_0000021d292f4c20;
    %load/vec4 v0000021d29276d90_0;
    %dup/vec4;
    %pushi/vec4 0, 0, 2;
    %cmp/u;
    %jmp/1 T_3.0, 6;
    %dup/vec4;
    %pushi/vec4 1, 0, 2;
    %cmp/u;
    %jmp/1 T_3.1, 6;
    %dup/vec4;
    %pushi/vec4 2, 0, 2;
    %cmp/u;
    %jmp/1 T_3.2, 6;
    %dup/vec4;
    %pushi/vec4 3, 0, 2;
    %cmp/u;
    %jmp/1 T_3.3, 6;
    %jmp T_3.4;
T_3.0 ;
    %pushi/vec4 0, 0, 1;
    %store/vec4 v0000021d2927bc70_0, 0, 1;
    %jmp T_3.4;
T_3.1 ;
    %load/vec4 v0000021d29276ed0_0;
    %pad/u 32;
    %cmpi/u 1, 0, 32;
    %flag_or 5, 4;
    %jmp/0xz  T_3.5, 5;
    %pushi/vec4 1, 0, 1;
    %store/vec4 v0000021d2927bc70_0, 0, 1;
    %jmp T_3.6;
T_3.5 ;
    %pushi/vec4 0, 0, 1;
    %store/vec4 v0000021d2927bc70_0, 0, 1;
T_3.6 ;
    %jmp T_3.4;
T_3.2 ;
    %load/vec4 v0000021d29276ed0_0;
    %pad/u 32;
    %cmpi/u 2, 0, 32;
    %flag_or 5, 4;
    %jmp/0xz  T_3.7, 5;
    %pushi/vec4 1, 0, 1;
    %store/vec4 v0000021d2927bc70_0, 0, 1;
    %jmp T_3.8;
T_3.7 ;
    %pushi/vec4 0, 0, 1;
    %store/vec4 v0000021d2927bc70_0, 0, 1;
T_3.8 ;
    %jmp T_3.4;
T_3.3 ;
    %load/vec4 v0000021d29276ed0_0;
    %pad/u 32;
    %cmpi/u 3, 0, 32;
    %flag_or 5, 4;
    %jmp/0xz  T_3.9, 5;
    %pushi/vec4 1, 0, 1;
    %store/vec4 v0000021d2927bc70_0, 0, 1;
    %jmp T_3.10;
T_3.9 ;
    %pushi/vec4 0, 0, 1;
    %store/vec4 v0000021d2927bc70_0, 0, 1;
T_3.10 ;
    %jmp T_3.4;
T_3.4 ;
    %pop/vec4 1;
    %jmp T_3;
    .thread T_3, $push;
# The file index is used to find the file name in the following table.
:file_names 3;
    "N/A";
    "<interactive>";
    "pwm_controller.v";
