#! /c/Source/iverilog-install/bin/vvp
:ivl_version "12.0 (devel)" "(s20150603-1539-g2693dd32b)";
:ivl_delay_selection "TYPICAL";
:vpi_time_precision - 12;
:vpi_module "C:\iverilog\lib\ivl\system.vpi";
:vpi_module "C:\iverilog\lib\ivl\vhdl_sys.vpi";
:vpi_module "C:\iverilog\lib\ivl\vhdl_textio.vpi";
:vpi_module "C:\iverilog\lib\ivl\v2005_math.vpi";
:vpi_module "C:\iverilog\lib\ivl\va_math.vpi";
S_0000025ce5a668d0 .scope module, "pdm_topmodule" "pdm_topmodule" 2 6;
 .timescale -9 -12;
    .port_info 0 /INPUT 1 "clk";
    .port_info 1 /INPUT 1 "rst";
    .port_info 2 /INPUT 1 "start";
    .port_info 3 /OUTPUT 1 "pwm_out";
    .port_info 4 /OUTPUT 7 "seg";
    .port_info 5 /OUTPUT 4 "digit";
o0000025ce5a85218 .functor BUFZ 1, C4<z>; HiZ drive
v0000025ce5ad45f0_0 .net "clk", 0 0, o0000025ce5a85218;  0 drivers
v0000025ce5ad3150_0 .net "count", 2 0, v0000025ce5a5d650_0;  1 drivers
v0000025ce5ad2f70_0 .net "digit", 3 0, v0000025ce5ad2cf0_0;  1 drivers
v0000025ce5ad4a50_0 .net "pwm_out", 0 0, v0000025ce5a5dd30_0;  1 drivers
o0000025ce5a850c8 .functor BUFZ 1, C4<z>; HiZ drive
v0000025ce5ad3d30_0 .net "rst", 0 0, o0000025ce5a850c8;  0 drivers
v0000025ce5ad4af0_0 .net "seg", 6 0, v0000025ce5ad3c90_0;  1 drivers
v0000025ce5ad2d90_0 .net "slow_clk", 0 0, v0000025ce5a5d6f0_0;  1 drivers
o0000025ce5a850f8 .functor BUFZ 1, C4<z>; HiZ drive
v0000025ce5ad3e70_0 .net "start", 0 0, o0000025ce5a850f8;  0 drivers
S_0000025ce5a66a60 .scope module, "inst1" "pwm_controller" 2 20, 3 2 0, S_0000025ce5a668d0;
 .timescale -9 -12;
    .port_info 0 /INPUT 1 "clk";
    .port_info 1 /INPUT 1 "rst";
    .port_info 2 /INPUT 1 "start";
    .port_info 3 /OUTPUT 1 "pwm_out";
    .port_info 4 /OUTPUT 3 "count";
P_0000025ce5a66bf0 .param/l "PWM_40" 0 3 12, C4<01>;
P_0000025ce5a66c28 .param/l "PWM_60" 0 3 13, C4<10>;
P_0000025ce5a66c60 .param/l "PWM_80" 0 3 14, C4<11>;
P_0000025ce5a66c98 .param/l "idle" 0 3 11, C4<00>;
v0000025ce5a5d790_0 .var "NS", 1 0;
v0000025ce5a5dc90_0 .var "PS", 1 0;
v0000025ce5a5db50_0 .net "clk", 0 0, v0000025ce5a5d6f0_0;  alias, 1 drivers
v0000025ce5a5d650_0 .var "count", 2 0;
v0000025ce5a5dd30_0 .var "pwm_out", 0 0;
v0000025ce5a5d830_0 .net "rst", 0 0, o0000025ce5a850c8;  alias, 0 drivers
v0000025ce5a5d970_0 .net "start", 0 0, o0000025ce5a850f8;  alias, 0 drivers
E_0000025ce5a5b5b0 .event anyedge, v0000025ce5a5d650_0, v0000025ce5a5dc90_0;
E_0000025ce5a5b270 .event anyedge, v0000025ce5a5d650_0, v0000025ce5a5dc90_0, v0000025ce5a5d830_0, v0000025ce5a5d970_0;
E_0000025ce5a5b030 .event posedge, v0000025ce5a5d830_0, v0000025ce5a5db50_0;
S_0000025ce5a75dd0 .scope module, "inst2" "clock_divider" 2 29, 4 1 0, S_0000025ce5a668d0;
 .timescale -9 -12;
    .port_info 0 /INPUT 1 "clk";
    .port_info 1 /INPUT 1 "rst";
    .port_info 2 /OUTPUT 1 "slow_clk";
v0000025ce5a5d8d0_0 .net "clk", 0 0, o0000025ce5a85218;  alias, 0 drivers
v0000025ce5a5dbf0_0 .var "counter", 25 0;
v0000025ce5a5dab0_0 .net "rst", 0 0, o0000025ce5a850c8;  alias, 0 drivers
v0000025ce5a5d6f0_0 .var "slow_clk", 0 0;
E_0000025ce5a5adf0 .event posedge, v0000025ce5a5d830_0, v0000025ce5a5d8d0_0;
S_0000025ce5a75f60 .scope module, "inst3" "lcd_module" 2 36, 5 3 0, S_0000025ce5a668d0;
 .timescale -9 -12;
    .port_info 0 /INPUT 1 "clk";
    .port_info 1 /INPUT 1 "rst";
    .port_info 2 /INPUT 3 "count";
    .port_info 3 /OUTPUT 7 "seg";
    .port_info 4 /OUTPUT 4 "digit";
P_0000025ce5a16b50 .param/l "A" 0 5 27, C4<0001000>;
P_0000025ce5a16b88 .param/l "B" 0 5 28, C4<1100000>;
P_0000025ce5a16bc0 .param/l "C" 0 5 29, C4<0110001>;
P_0000025ce5a16bf8 .param/l "D" 0 5 30, C4<1000010>;
P_0000025ce5a16c30 .param/l "E" 0 5 31, C4<0110000>;
P_0000025ce5a16c68 .param/l "EIGHT" 0 5 25, C4<0000000>;
P_0000025ce5a16ca0 .param/l "F" 0 5 32, C4<0111000>;
P_0000025ce5a16cd8 .param/l "FIVE" 0 5 22, C4<0010010>;
P_0000025ce5a16d10 .param/l "FOUR" 0 5 21, C4<0011001>;
P_0000025ce5a16d48 .param/l "NINE" 0 5 26, C4<0010000>;
P_0000025ce5a16d80 .param/l "ONE" 0 5 18, C4<1111001>;
P_0000025ce5a16db8 .param/l "SEVEN" 0 5 24, C4<1111000>;
P_0000025ce5a16df0 .param/l "SIX" 0 5 23, C4<0000010>;
P_0000025ce5a16e28 .param/l "THREE" 0 5 20, C4<0110000>;
P_0000025ce5a16e60 .param/l "TWO" 0 5 19, C4<0100100>;
P_0000025ce5a16e98 .param/l "ZERO" 0 5 17, C4<1000000>;
L_0000025ce5ad4cb8 .functor BUFT 1, C4<0>, C4<0>, C4<0>, C4<0>;
v0000025ce5a5da10_0 .net/2u *"_ivl_0", 0 0, L_0000025ce5ad4cb8;  1 drivers
v0000025ce5ad2ed0_0 .net *"_ivl_2", 3 0, L_0000025ce5ad4730;  1 drivers
v0000025ce5ad3b50_0 .net "clk", 0 0, v0000025ce5a5d6f0_0;  alias, 1 drivers
v0000025ce5ad36f0_0 .net "count", 2 0, v0000025ce5a5d650_0;  alias, 1 drivers
v0000025ce5ad2cf0_0 .var "digit", 3 0;
v0000025ce5ad4190_0 .var "digit_select", 1 0;
v0000025ce5ad3bf0_0 .net "ones", 0 0, L_0000025ce5ad44b0;  1 drivers
v0000025ce5ad49b0_0 .net "rst", 0 0, o0000025ce5a850c8;  alias, 0 drivers
v0000025ce5ad3c90_0 .var "seg", 6 0;
E_0000025ce5a5b5f0 .event anyedge, v0000025ce5ad4190_0, v0000025ce5ad3bf0_0;
E_0000025ce5a5b2b0 .event anyedge, v0000025ce5ad4190_0;
E_0000025ce5a5b2f0 .event posedge, v0000025ce5a5db50_0;
L_0000025ce5ad4730 .concat [ 3 1 0 0], v0000025ce5a5d650_0, L_0000025ce5ad4cb8;
L_0000025ce5ad44b0 .part L_0000025ce5ad4730, 0, 1;
    .scope S_0000025ce5a66a60;
T_0 ;
    %wait E_0000025ce5a5b030;
    %load/vec4 v0000025ce5a5d830_0;
    %flag_set/vec4 8;
    %jmp/0xz  T_0.0, 8;
    %pushi/vec4 0, 0, 2;
    %assign/vec4 v0000025ce5a5dc90_0, 0;
    %jmp T_0.1;
T_0.0 ;
    %load/vec4 v0000025ce5a5d790_0;
    %assign/vec4 v0000025ce5a5dc90_0, 0;
T_0.1 ;
    %jmp T_0;
    .thread T_0;
    .scope S_0000025ce5a66a60;
T_1 ;
    %wait E_0000025ce5a5b030;
    %load/vec4 v0000025ce5a5d830_0;
    %flag_set/vec4 8;
    %jmp/0xz  T_1.0, 8;
    %pushi/vec4 0, 0, 3;
    %assign/vec4 v0000025ce5a5d650_0, 0;
    %jmp T_1.1;
T_1.0 ;
    %load/vec4 v0000025ce5a5d650_0;
    %pad/u 32;
    %cmpi/e 4, 0, 32;
    %jmp/0xz  T_1.2, 4;
    %pushi/vec4 0, 0, 3;
    %assign/vec4 v0000025ce5a5d650_0, 0;
    %jmp T_1.3;
T_1.2 ;
    %load/vec4 v0000025ce5a5d650_0;
    %addi 1, 0, 3;
    %assign/vec4 v0000025ce5a5d650_0, 0;
T_1.3 ;
T_1.1 ;
    %jmp T_1;
    .thread T_1;
    .scope S_0000025ce5a66a60;
T_2 ;
    %wait E_0000025ce5a5b270;
    %load/vec4 v0000025ce5a5d830_0;
    %flag_set/vec4 8;
    %jmp/0xz  T_2.0, 8;
    %pushi/vec4 0, 0, 2;
    %store/vec4 v0000025ce5a5d790_0, 0, 2;
    %jmp T_2.1;
T_2.0 ;
    %load/vec4 v0000025ce5a5dc90_0;
    %dup/vec4;
    %pushi/vec4 0, 0, 2;
    %cmp/u;
    %jmp/1 T_2.2, 6;
    %dup/vec4;
    %pushi/vec4 1, 0, 2;
    %cmp/u;
    %jmp/1 T_2.3, 6;
    %dup/vec4;
    %pushi/vec4 2, 0, 2;
    %cmp/u;
    %jmp/1 T_2.4, 6;
    %dup/vec4;
    %pushi/vec4 3, 0, 2;
    %cmp/u;
    %jmp/1 T_2.5, 6;
    %pushi/vec4 0, 0, 2;
    %store/vec4 v0000025ce5a5d790_0, 0, 2;
    %jmp T_2.7;
T_2.2 ;
    %load/vec4 v0000025ce5a5d970_0;
    %flag_set/vec4 8;
    %jmp/0xz  T_2.8, 8;
    %pushi/vec4 1, 0, 2;
    %store/vec4 v0000025ce5a5d790_0, 0, 2;
    %jmp T_2.9;
T_2.8 ;
    %pushi/vec4 0, 0, 2;
    %store/vec4 v0000025ce5a5d790_0, 0, 2;
T_2.9 ;
    %jmp T_2.7;
T_2.3 ;
    %load/vec4 v0000025ce5a5d650_0;
    %pad/u 32;
    %cmpi/e 4, 0, 32;
    %jmp/0xz  T_2.10, 4;
    %pushi/vec4 2, 0, 2;
    %store/vec4 v0000025ce5a5d790_0, 0, 2;
    %jmp T_2.11;
T_2.10 ;
    %pushi/vec4 1, 0, 2;
    %store/vec4 v0000025ce5a5d790_0, 0, 2;
T_2.11 ;
    %jmp T_2.7;
T_2.4 ;
    %load/vec4 v0000025ce5a5d650_0;
    %pad/u 32;
    %cmpi/e 4, 0, 32;
    %jmp/0xz  T_2.12, 4;
    %pushi/vec4 3, 0, 2;
    %store/vec4 v0000025ce5a5d790_0, 0, 2;
    %jmp T_2.13;
T_2.12 ;
    %pushi/vec4 2, 0, 2;
    %store/vec4 v0000025ce5a5d790_0, 0, 2;
T_2.13 ;
    %jmp T_2.7;
T_2.5 ;
    %load/vec4 v0000025ce5a5d650_0;
    %pad/u 32;
    %cmpi/e 4, 0, 32;
    %jmp/0xz  T_2.14, 4;
    %pushi/vec4 1, 0, 2;
    %store/vec4 v0000025ce5a5d790_0, 0, 2;
    %jmp T_2.15;
T_2.14 ;
    %pushi/vec4 3, 0, 2;
    %store/vec4 v0000025ce5a5d790_0, 0, 2;
T_2.15 ;
    %jmp T_2.7;
T_2.7 ;
    %pop/vec4 1;
T_2.1 ;
    %jmp T_2;
    .thread T_2, $push;
    .scope S_0000025ce5a66a60;
T_3 ;
    %wait E_0000025ce5a5b5b0;
    %load/vec4 v0000025ce5a5dc90_0;
    %dup/vec4;
    %pushi/vec4 0, 0, 2;
    %cmp/u;
    %jmp/1 T_3.0, 6;
    %dup/vec4;
    %pushi/vec4 1, 0, 2;
    %cmp/u;
    %jmp/1 T_3.1, 6;
    %dup/vec4;
    %pushi/vec4 2, 0, 2;
    %cmp/u;
    %jmp/1 T_3.2, 6;
    %dup/vec4;
    %pushi/vec4 3, 0, 2;
    %cmp/u;
    %jmp/1 T_3.3, 6;
    %jmp T_3.4;
T_3.0 ;
    %pushi/vec4 0, 0, 1;
    %store/vec4 v0000025ce5a5dd30_0, 0, 1;
    %jmp T_3.4;
T_3.1 ;
    %load/vec4 v0000025ce5a5d650_0;
    %pad/u 32;
    %cmpi/u 1, 0, 32;
    %flag_or 5, 4;
    %jmp/0xz  T_3.5, 5;
    %pushi/vec4 1, 0, 1;
    %store/vec4 v0000025ce5a5dd30_0, 0, 1;
    %jmp T_3.6;
T_3.5 ;
    %pushi/vec4 0, 0, 1;
    %store/vec4 v0000025ce5a5dd30_0, 0, 1;
T_3.6 ;
    %jmp T_3.4;
T_3.2 ;
    %load/vec4 v0000025ce5a5d650_0;
    %pad/u 32;
    %cmpi/u 2, 0, 32;
    %flag_or 5, 4;
    %jmp/0xz  T_3.7, 5;
    %pushi/vec4 1, 0, 1;
    %store/vec4 v0000025ce5a5dd30_0, 0, 1;
    %jmp T_3.8;
T_3.7 ;
    %pushi/vec4 0, 0, 1;
    %store/vec4 v0000025ce5a5dd30_0, 0, 1;
T_3.8 ;
    %jmp T_3.4;
T_3.3 ;
    %load/vec4 v0000025ce5a5d650_0;
    %pad/u 32;
    %cmpi/u 3, 0, 32;
    %flag_or 5, 4;
    %jmp/0xz  T_3.9, 5;
    %pushi/vec4 1, 0, 1;
    %store/vec4 v0000025ce5a5dd30_0, 0, 1;
    %jmp T_3.10;
T_3.9 ;
    %pushi/vec4 0, 0, 1;
    %store/vec4 v0000025ce5a5dd30_0, 0, 1;
T_3.10 ;
    %jmp T_3.4;
T_3.4 ;
    %pop/vec4 1;
    %jmp T_3;
    .thread T_3, $push;
    .scope S_0000025ce5a75dd0;
T_4 ;
    %wait E_0000025ce5a5adf0;
    %load/vec4 v0000025ce5a5dab0_0;
    %flag_set/vec4 8;
    %jmp/0xz  T_4.0, 8;
    %pushi/vec4 0, 0, 26;
    %assign/vec4 v0000025ce5a5dbf0_0, 0;
    %pushi/vec4 0, 0, 1;
    %assign/vec4 v0000025ce5a5d6f0_0, 0;
    %jmp T_4.1;
T_4.0 ;
    %load/vec4 v0000025ce5a5dbf0_0;
    %addi 1, 0, 26;
    %assign/vec4 v0000025ce5a5dbf0_0, 0;
    %load/vec4 v0000025ce5a5dbf0_0;
    %pad/u 32;
    %cmpi/e 50000000, 0, 32;
    %jmp/0xz  T_4.2, 4;
    %load/vec4 v0000025ce5a5d6f0_0;
    %inv;
    %assign/vec4 v0000025ce5a5d6f0_0, 0;
    %pushi/vec4 0, 0, 26;
    %assign/vec4 v0000025ce5a5dbf0_0, 0;
T_4.2 ;
T_4.1 ;
    %jmp T_4;
    .thread T_4;
    .scope S_0000025ce5a75f60;
T_5 ;
    %wait E_0000025ce5a5b2f0;
    %pushi/vec4 0, 0, 2;
    %assign/vec4 v0000025ce5ad4190_0, 0;
    %jmp T_5;
    .thread T_5;
    .scope S_0000025ce5a75f60;
T_6 ;
    %wait E_0000025ce5a5b2b0;
    %load/vec4 v0000025ce5ad4190_0;
    %dup/vec4;
    %pushi/vec4 0, 0, 2;
    %cmp/u;
    %jmp/1 T_6.0, 6;
    %dup/vec4;
    %pushi/vec4 1, 0, 2;
    %cmp/u;
    %jmp/1 T_6.1, 6;
    %dup/vec4;
    %pushi/vec4 2, 0, 2;
    %cmp/u;
    %jmp/1 T_6.2, 6;
    %dup/vec4;
    %pushi/vec4 3, 0, 2;
    %cmp/u;
    %jmp/1 T_6.3, 6;
    %jmp T_6.4;
T_6.0 ;
    %pushi/vec4 14, 0, 4;
    %store/vec4 v0000025ce5ad2cf0_0, 0, 4;
    %jmp T_6.4;
T_6.1 ;
    %pushi/vec4 13, 0, 4;
    %store/vec4 v0000025ce5ad2cf0_0, 0, 4;
    %jmp T_6.4;
T_6.2 ;
    %pushi/vec4 11, 0, 4;
    %store/vec4 v0000025ce5ad2cf0_0, 0, 4;
    %jmp T_6.4;
T_6.3 ;
    %pushi/vec4 7, 0, 4;
    %store/vec4 v0000025ce5ad2cf0_0, 0, 4;
    %jmp T_6.4;
T_6.4 ;
    %pop/vec4 1;
    %jmp T_6;
    .thread T_6, $push;
    .scope S_0000025ce5a75f60;
T_7 ;
    %wait E_0000025ce5a5b5f0;
    %load/vec4 v0000025ce5ad4190_0;
    %dup/vec4;
    %pushi/vec4 0, 0, 2;
    %cmp/u;
    %jmp/1 T_7.0, 6;
    %pushi/vec4 0, 0, 7;
    %store/vec4 v0000025ce5ad3c90_0, 0, 7;
    %jmp T_7.2;
T_7.0 ;
    %load/vec4 v0000025ce5ad3bf0_0;
    %pad/u 4;
    %dup/vec4;
    %pushi/vec4 0, 0, 4;
    %cmp/u;
    %jmp/1 T_7.3, 6;
    %dup/vec4;
    %pushi/vec4 1, 0, 4;
    %cmp/u;
    %jmp/1 T_7.4, 6;
    %dup/vec4;
    %pushi/vec4 2, 0, 4;
    %cmp/u;
    %jmp/1 T_7.5, 6;
    %dup/vec4;
    %pushi/vec4 3, 0, 4;
    %cmp/u;
    %jmp/1 T_7.6, 6;
    %dup/vec4;
    %pushi/vec4 4, 0, 4;
    %cmp/u;
    %jmp/1 T_7.7, 6;
    %dup/vec4;
    %pushi/vec4 5, 0, 4;
    %cmp/u;
    %jmp/1 T_7.8, 6;
    %dup/vec4;
    %pushi/vec4 6, 0, 4;
    %cmp/u;
    %jmp/1 T_7.9, 6;
    %dup/vec4;
    %pushi/vec4 7, 0, 4;
    %cmp/u;
    %jmp/1 T_7.10, 6;
    %dup/vec4;
    %pushi/vec4 8, 0, 4;
    %cmp/u;
    %jmp/1 T_7.11, 6;
    %dup/vec4;
    %pushi/vec4 9, 0, 4;
    %cmp/u;
    %jmp/1 T_7.12, 6;
    %dup/vec4;
    %pushi/vec4 10, 0, 4;
    %cmp/u;
    %jmp/1 T_7.13, 6;
    %dup/vec4;
    %pushi/vec4 11, 0, 4;
    %cmp/u;
    %jmp/1 T_7.14, 6;
    %dup/vec4;
    %pushi/vec4 12, 0, 4;
    %cmp/u;
    %jmp/1 T_7.15, 6;
    %dup/vec4;
    %pushi/vec4 13, 0, 4;
    %cmp/u;
    %jmp/1 T_7.16, 6;
    %dup/vec4;
    %pushi/vec4 14, 0, 4;
    %cmp/u;
    %jmp/1 T_7.17, 6;
    %dup/vec4;
    %pushi/vec4 15, 0, 4;
    %cmp/u;
    %jmp/1 T_7.18, 6;
    %jmp T_7.19;
T_7.3 ;
    %pushi/vec4 64, 0, 7;
    %store/vec4 v0000025ce5ad3c90_0, 0, 7;
    %jmp T_7.19;
T_7.4 ;
    %pushi/vec4 121, 0, 7;
    %store/vec4 v0000025ce5ad3c90_0, 0, 7;
    %jmp T_7.19;
T_7.5 ;
    %pushi/vec4 36, 0, 7;
    %store/vec4 v0000025ce5ad3c90_0, 0, 7;
    %jmp T_7.19;
T_7.6 ;
    %pushi/vec4 48, 0, 7;
    %store/vec4 v0000025ce5ad3c90_0, 0, 7;
    %jmp T_7.19;
T_7.7 ;
    %pushi/vec4 25, 0, 7;
    %store/vec4 v0000025ce5ad3c90_0, 0, 7;
    %jmp T_7.19;
T_7.8 ;
    %pushi/vec4 18, 0, 7;
    %store/vec4 v0000025ce5ad3c90_0, 0, 7;
    %jmp T_7.19;
T_7.9 ;
    %pushi/vec4 2, 0, 7;
    %store/vec4 v0000025ce5ad3c90_0, 0, 7;
    %jmp T_7.19;
T_7.10 ;
    %pushi/vec4 120, 0, 7;
    %store/vec4 v0000025ce5ad3c90_0, 0, 7;
    %jmp T_7.19;
T_7.11 ;
    %pushi/vec4 0, 0, 7;
    %store/vec4 v0000025ce5ad3c90_0, 0, 7;
    %jmp T_7.19;
T_7.12 ;
    %pushi/vec4 16, 0, 7;
    %store/vec4 v0000025ce5ad3c90_0, 0, 7;
    %jmp T_7.19;
T_7.13 ;
    %pushi/vec4 8, 0, 7;
    %store/vec4 v0000025ce5ad3c90_0, 0, 7;
    %jmp T_7.19;
T_7.14 ;
    %pushi/vec4 96, 0, 7;
    %store/vec4 v0000025ce5ad3c90_0, 0, 7;
    %jmp T_7.19;
T_7.15 ;
    %pushi/vec4 49, 0, 7;
    %store/vec4 v0000025ce5ad3c90_0, 0, 7;
    %jmp T_7.19;
T_7.16 ;
    %pushi/vec4 66, 0, 7;
    %store/vec4 v0000025ce5ad3c90_0, 0, 7;
    %jmp T_7.19;
T_7.17 ;
    %pushi/vec4 48, 0, 7;
    %store/vec4 v0000025ce5ad3c90_0, 0, 7;
    %jmp T_7.19;
T_7.18 ;
    %pushi/vec4 56, 0, 7;
    %store/vec4 v0000025ce5ad3c90_0, 0, 7;
    %jmp T_7.19;
T_7.19 ;
    %pop/vec4 1;
    %jmp T_7.2;
T_7.2 ;
    %pop/vec4 1;
    %jmp T_7;
    .thread T_7, $push;
# The file index is used to find the file name in the following table.
:file_names 6;
    "N/A";
    "<interactive>";
    "pwm_topmodule.v";
    "./pwm_controller.v";
    "./clk_divider.v";
    "./lcd_module.v";
